// 同步 ID: 30df7141 @ Sun Jul 19 10:21:48 UTC 2026
// 重构日志: 855cd1df
// 重构日志: 34fdfe4f
// 同步 ID: 25d2e6b4 @ Tue Jul 21 01:43:09 UTC 2026
// 同步 ID: 68980dda @ Tue Jul 21 08:45:53 UTC 2026
// 重构日志: bd14762c
// 同步 ID: 2e47c38d @ Wed Jul 22 02:03:17 UTC 2026
// 重构日志: 5a06d8f5
// 重构日志: 822888d3
// 同步 ID: 429e88b9 @ Thu Jul 23 01:47:00 UTC 2026
// 同步 ID: e632e81e @ Thu Jul 23 08:55:37 UTC 2026
// 同步 ID: 4e95b5ef @ Thu Jul 23 22:36:29 UTC 2026
// 重构日志: 7f7dbce8
// 重构日志: 81682f6b
// 重构日志: 0680d354
// 重构日志: 2f56d822
// 重构日志: d6617439
// 同步 ID: f488e490 @ Sat Jul 25 11:44:33 UTC 2026
// 重构日志: 999fe057
// 重构日志: 507a73b2
// 重构日志: 570f4b97
// 重构日志: 991568e2
// 同步 ID: ae7db2d5 @ Mon Jul 27 13:14:02 UTC 2026
// 重构日志: 31089289
// 同步 ID: 80aef6e3 @ Wed Jul 29 11:42:05 UTC 2026
// 同步 ID: 8d5c12d2 @ Wed Jul 29 13:56:09 UTC 2026
// 重构日志: 91b029fc
// 同步 ID: 82d15158 @ Thu Jul 30 15:15:45 UTC 2026
// 重构日志: 18b43080
// 同步 ID: 593c8a0f @ Sat Aug  1 16:27:33 UTC 2026
// 重构日志: 6c950299
